// Jest Snapshot v1, https://goo.gl/fbAQLP

exports[`SetupEnhancedMeasurementSwitch should render with the switch defaulting to the on position 1`] = `
<div>
  <div
    class="googlesitekit-analytics-enable-enhanced-measurement"
  >
    <div
      aria-checked="true"
      class="mdc-switch mdc-switch--checked"
      role="switch"
      tabindex="0"
    >
      <div
        class="mdc-switch__track"
      >
        Â 
      </div>
      <div
        class="mdc-switch__thumb-underlay"
      >
        <div
          class="mdc-switch__thumb"
        >
          <input
            class="mdc-switch__native-control"
            id="googlesitekit-switch-0"
            readonly=""
            role="switch"
            type="checkbox"
          />
        </div>
      </div>
    </div>
    <label
      class=""
      for="googlesitekit-switch-0"
    >
      Enable enhanced measurement
    </label>
    <p>
      Automatically measure interactions with your content (e.g. file downloads, form completions, video views). No extra code required. 
      <a
        aria-label="Learn more (opens in a new tab)"
        class="googlesitekit-cta-link googlesitekit-cta-link--external"
        href="https://support.google.com/analytics/answer/9216061?hl=en-US"
        rel="noopener noreferrer"
        target="_blank"
      >
        Learn more
      </a>
    </p>
  </div>
</div>
`;
